
> typemate@0.1.0 build
> next build

   ▲ Next.js 15.4.2
   - Environments: .env.local, .env.production
   - Experiments (use with caution):
     ✓ scrollRestoration
     · optimizePackageImports

   Creating an optimized production build ...

warn - The `purge`/`content` options have changed in Tailwind CSS v3.0.
warn - Update your configuration file to eliminate this warning.
warn - https://tailwindcss.com/docs/upgrade-guide#configure-content-sources

warn - Regular expressions in `safelist` work differently in Tailwind CSS v3.0.
warn - Update your `safelist` configuration to eliminate this warning.
warn - https://tailwindcss.com/docs/content-configuration#safelisting-classes

warn - You have enabled experimental features: optimizeUniversalDefaults
warn - Experimental features in Tailwind CSS are not covered by semver, may introduce breaking changes, and can change at any time.
 ✓ Compiled successfully in 7.0s
   Skipping validation of types
   Skipping linting
   Collecting page data ...
   Generating static pages (0/17) ...
   Generating static pages (4/17) 
   Generating static pages (8/17) 
   Generating static pages (12/17) 
 ✓ Generating static pages (17/17)
   Finalizing page optimization ...
   Collecting build traces ...

Route (app)                               Size  First Load JS
┌ ○ /                                  10.9 kB         282 kB
├ ○ /_not-found                          139 B         237 kB
├ ƒ /api/chat                            139 B         237 kB
├ ƒ /api/chat/enhanced                   139 B         237 kB
├ ƒ /api/memory                          139 B         237 kB
├ ○ /auth/callback                     1.08 kB         242 kB
├ ○ /auth/signin                       2.84 kB         248 kB
├ ○ /chat                              34.7 kB         340 kB
├ ○ /debug                               921 B         237 kB
├ ○ /diagnosis                         9.59 kB         294 kB
├ ○ /harmonic-setup                    6.45 kB         298 kB
├ ○ /profile                           4.49 kB         284 kB
├ ○ /settings                          29.4 kB         343 kB
└ ○ /test-widgets                      4.77 kB         301 kB
+ First Load JS shared by all           236 kB
  └ chunks/vendor-bde632ec3acd39cb.js   234 kB
  └ other shared chunks (total)        2.46 kB


○  (Static)   prerendered as static content
ƒ  (Dynamic)  server-rendered on demand

